[2J[32mtest (Press ENTER to make your selection): [0m[34m[0m[34mhello[0m
[36mtest                                                                                                                                                                                                  [0m
[33mhello                                                                                                                                                                                                 [0m
world                                                                                                                                                                                                 





[2J[32mtest (Press ENTER to make your selection): [0m[34m[0m[34mworld[0m
[36mtest                                                                                                                                                                                                  [0m
hello                                                                                                                                                                                                 
[33mworld                                                                                                                                                                                                 [0m





