-- STDOUT --

[2J[32mWhich organization would you like to deploy the VM in? (Press ENTER to make your selection): [0m[34m[0m[34mLoge Enthusiasts / loge[0m
[36mName                                                                                              Subdomain                                                                                         [0m
[33mLoge Enthusiasts                                                                                  loge                                                                                              [0m
testing, testing, 123                                                                             test                                                                                              





[2J[32mWhich organization would you like to deploy the VM in? (Press ENTER to make your selection): [0m[34m[0m[34mtesting, testing, 123 / test[0m
[36mName                                                                                              Subdomain                                                                                         [0m
Loge Enthusiasts                                                                                  loge                                                                                              
[33mtesting, testing, 123                                                                             test                                                                                              [0m





[2J[32mWhich DC would you like to deploy the VM in? (Press ENTER to make your selection): [0m[34m[0m[34mhello / Pogland[0m
[36mName                                                                                              Country                                                                                           [0m
[33mhello                                                                                             Pogland                                                                                           [0m
hello                                                                                             United Kingdom                                                                                    





[2J[32mWhich DC would you like to deploy the VM in? (Press ENTER to make your selection): [0m[34m[0m[34mhello / United Kingdom[0m
[36mName                                                                                              Country                                                                                           [0m
hello                                                                                             Pogland                                                                                           
[33mhello                                                                                             United Kingdom                                                                                    [0m





[2J[32mWhich VM package would you like? (Press ENTER to make your selection): [0m[34m[0m[34m / 0 / 0GB[0m
[36mName                                                            CPU Cores                                                       RAM                                                             [0m
[33m                                                                0                                                               0GB                                                             [0m
Test                                                            100                                                             1000GB                                                          





[2J[32mWhich VM package would you like? (Press ENTER to make your selection): [0m[34m[0m[34mTest / 100 / 1000GB[0m
[36mName                                                            CPU Cores                                                       RAM                                                             [0m
                                                                0                                                               0GB                                                             
[33mTest                                                            100                                                             1000GB                                                          [0m





[2J[32mWhich distribution would you like? (Press ENTER to make your selection): [0m[34m[0m[34m[0m
[33m[0m
Ubuntu 20.04






[2J[32mWhich distribution would you like? (Press ENTER to make your selection): [0m[34m[0m[34mUbuntu 20.04[0m

[33mUbuntu 20.04[0m






[2J[32mPlease select any IP addresses you wish to add. (Press ENTER to select items and ESC when you are done with your selections): [0m[34m[0m[34m / [0m
[36m    Address                                                                                           Reverse DNS                                                                                       [0m
[31m[ ] [0m[33m                                                                                                                                                                                                    [0m
[31m[ ] [0m                                                                                                                                                                                                    
[31m[ ] [0m8.8.8.8                                                                                           ip-8-8-8-8.test.katapult.cloud                                                                    




[2J[32mPlease select any IP addresses you wish to add. (Press ENTER to select items and ESC when you are done with your selections): [0m[34m[0m[34m / [0m
[36m    Address                                                                                           Reverse DNS                                                                                       [0m
[31m[ ] [0m                                                                                                                                                                                                    
[31m[ ] [0m[33m                                                                                                                                                                                                    [0m
[31m[ ] [0m8.8.8.8                                                                                           ip-8-8-8-8.test.katapult.cloud                                                                    




[2J[32mPlease select any IP addresses you wish to add. (Press ENTER to select items and ESC when you are done with your selections): [0m[34m[0m[34m8.8.8.8 / ip-8-8-8-8.test.katapult.cloud[0m
[36m    Address                                                                                           Reverse DNS                                                                                       [0m
[31m[ ] [0m                                                                                                                                                                                                    
[31m[ ] [0m                                                                                                                                                                                                    
[31m[ ] [0m[33m8.8.8.8                                                                                           ip-8-8-8-8.test.katapult.cloud                                                                    [0m




[2J[32mPlease select any IP addresses you wish to add. (Press ENTER to select items and ESC when you are done with your selections): [0m[34m[0m[34m8.8.8.8 / ip-8-8-8-8.test.katapult.cloud[0m
[36m    Address                                                                                           Reverse DNS                                                                                       [0m
[31m[ ] [0m                                                                                                                                                                                                    
[31m[ ] [0m                                                                                                                                                                                                    
[32m[*] [0m[33m8.8.8.8                                                                                           ip-8-8-8-8.test.katapult.cloud                                                                    [0m




[2J[32mWhich organization SSH keys do you wish to add? (Press ENTER to select items and ESC when you are done with your selections): [0m[34m[0m[34m / [0m
[36m    Name                                                                                              Fingerprint                                                                                       [0m
[31m[ ] [0m[33m                                                                                                                                                                                                    [0m
[31m[ ] [0m                                                                                                                                                                                                    
[31m[ ] [0mtesting                                                                                           22:57:25:0d:8a:ad:00:d0:91:a2:23:7d:7b:70:39:0c                                                   




[2J[32mWhich organization SSH keys do you wish to add? (Press ENTER to select items and ESC when you are done with your selections): [0m[34m[0m[34m / [0m
[36m    Name                                                                                              Fingerprint                                                                                       [0m
[31m[ ] [0m                                                                                                                                                                                                    
[31m[ ] [0m[33m                                                                                                                                                                                                    [0m
[31m[ ] [0mtesting                                                                                           22:57:25:0d:8a:ad:00:d0:91:a2:23:7d:7b:70:39:0c                                                   




[2J[32mWhich organization SSH keys do you wish to add? (Press ENTER to select items and ESC when you are done with your selections): [0m[34m[0m[34mtesting / 22:57:25:0d:8a:ad:00:d0:91:a2:23:7d:7b:70:39:0c[0m
[36m    Name                                                                                              Fingerprint                                                                                       [0m
[31m[ ] [0m                                                                                                                                                                                                    
[31m[ ] [0m                                                                                                                                                                                                    
[31m[ ] [0m[33mtesting                                                                                           22:57:25:0d:8a:ad:00:d0:91:a2:23:7d:7b:70:39:0c                                                   [0m




[2J[32mWhich organization SSH keys do you wish to add? (Press ENTER to select items and ESC when you are done with your selections): [0m[34m[0m[34mtesting / 22:57:25:0d:8a:ad:00:d0:91:a2:23:7d:7b:70:39:0c[0m
[36m    Name                                                                                              Fingerprint                                                                                       [0m
[31m[ ] [0m                                                                                                                                                                                                    
[31m[ ] [0m                                                                                                                                                                                                    
[32m[*] [0m[33mtesting                                                                                           22:57:25:0d:8a:ad:00:d0:91:a2:23:7d:7b:70:39:0c                                                   [0m




[2J[32mDo you wish to add any tags? (Press ENTER to select items and ESC when you are done with your selections): [0m[34m[0m[34m[0m
[31m[ ] [0m[33m[0m
[31m[ ] [0m
[31m[ ] [0mTesting





[2J[32mDo you wish to add any tags? (Press ENTER to select items and ESC when you are done with your selections): [0m[34m[0m[34m[0m
[31m[ ] [0m
[31m[ ] [0m[33m[0m
[31m[ ] [0mTesting





[2J[32mDo you wish to add any tags? (Press ENTER to select items and ESC when you are done with your selections): [0m[34m[0m[34mTesting[0m
[31m[ ] [0m
[31m[ ] [0m
[31m[ ] [0m[33mTesting[0m





[2J[32mDo you wish to add any tags? (Press ENTER to select items and ESC when you are done with your selections): [0m[34m[0m[34mTesting[0m
[31m[ ] [0m
[31m[ ] [0m
[32m[*] [0m[33mTesting[0m





[36mWhat would you like the virtual machine to be called?[0m [36mIf you want a hostname, what do you want it to be?[0m [36mIf you want a description, what do you want it to be?[0m 

-- BUILD SPEC --

{
  "OrgResult": {
    "id": "testing"
  },
  "SpecResult": {
    "data_center": {
      "id": "dc_9UVoPiUQoI1cqtR0"
    },
    "resources": {
      "package": {
        "id": "vmpkg_9UVoPiUQoI1cqtRd"
      }
    },
    "disk_template": {
      "id": "disk_9UVoPiUQoI1cqtRd",
      "options": [
        {
          "key": "install_agent",
          "value": "true"
        }
      ]
    },
    "network_interfaces": [
      {
        "network": {
          "id": "test"
        },
        "ip_address_allocations": [
          {
            "type": "existing",
            "ip_address": {
              "id": "ip_UVoPiUQoI1cqtRf5"
            }
          }
        ]
      }
    ],
    "hostname": "hosttest",
    "name": "nametest",
    "description": "desctest",
    "authorized_keys": {
      "ssh_keys": [
        "key_PiUQoI1cqt43Dkf"
      ]
    },
    "tags": [
      "DO_NOT_PICK_IGNORE_THIS_ONE"
    ]
  }
}
