[2J┌────────────────────────────────────────────────┐
│ [31m* [0m                                             │
│                                                │
│ ┌────────────────────────────────────────────┐ │
│ │▓                                           │ │
│ └────────────────────────────────────────────┘ │
└────────────────────────────────────────────────┘


