[2J┌────────────────────────────────────────────────┐
│ [31m* [0ma                                            │
│ b                                              │
│ ┌────────────────────────────────────────────┐ │
│ │▓                                           │ │
│ └────────────────────────────────────────────┘ │
└────────────────────────────────────────────────┘


[2J┌────────────────────────────────────────────────┐
│ [31m* [0ma                                            │
│ b                                              │
│ ┌────────────────────────────────────────────┐ │
│ │a▓                                          │ │
│ └────────────────────────────────────────────┘ │
└────────────────────────────────────────────────┘


[2J┌────────────────────────────────────────────────┐
│ [31m* [0ma                                            │
│ b                                              │
│ ┌────────────────────────────────────────────┐ │
│ │ac▓                                         │ │
│ └────────────────────────────────────────────┘ │
└────────────────────────────────────────────────┘


[2J┌────────────────────────────────────────────────┐
│ [31m* [0ma                                            │
│ b                                              │
│ ┌────────────────────────────────────────────┐ │
│ │ac2▓                                        │ │
│ └────────────────────────────────────────────┘ │
└────────────────────────────────────────────────┘


[2J┌────────────────────────────────────────────────┐
│ [31m* [0ma                                            │
│ b                                              │
│ ┌────────────────────────────────────────────┐ │
│ │ac23▓                                       │ │
│ └────────────────────────────────────────────┘ │
└────────────────────────────────────────────────┘


[2J┌────────────────────────────────────────────────┐
│ [31m* [0ma                                            │
│ b                                              │
│ ┌────────────────────────────────────────────┐ │
│ │ac2▓3                                       │ │
│ └────────────────────────────────────────────┘ │
└────────────────────────────────────────────────┘


[2J┌────────────────────────────────────────────────┐
│ [31m* [0ma                                            │
│ b                                              │
│ ┌────────────────────────────────────────────┐ │
│ │ac▓23                                       │ │
│ └────────────────────────────────────────────┘ │
└────────────────────────────────────────────────┘


[2J┌────────────────────────────────────────────────┐
│ [31m* [0ma                                            │
│ b                                              │
│ ┌────────────────────────────────────────────┐ │
│ │ac1▓23                                      │ │
│ └────────────────────────────────────────────┘ │
└────────────────────────────────────────────────┘


[2J┌────────────────────────────────────────────────┐
│ [31m* [0ma                                            │
│ b                                              │
│ ┌────────────────────────────────────────────┐ │
│ │ac▓123                                      │ │
│ └────────────────────────────────────────────┘ │
└────────────────────────────────────────────────┘


[2J┌────────────────────────────────────────────────┐
│ [31m* [0ma                                            │
│ b                                              │
│ ┌────────────────────────────────────────────┐ │
│ │a▓c123                                      │ │
│ └────────────────────────────────────────────┘ │
└────────────────────────────────────────────────┘


[2J┌────────────────────────────────────────────────┐
│ [31m* [0ma                                            │
│ b                                              │
│ ┌────────────────────────────────────────────┐ │
│ │▓ac123                                      │ │
│ └────────────────────────────────────────────┘ │
└────────────────────────────────────────────────┘


[2J┌────────────────────────────────────────────────┐
│ [31m* [0ma                                            │
│ b                                              │
│ ┌────────────────────────────────────────────┐ │
│ │a▓c123                                      │ │
│ └────────────────────────────────────────────┘ │
└────────────────────────────────────────────────┘


[2J┌────────────────────────────────────────────────┐
│ [31m* [0ma                                            │
│ b                                              │
│ ┌────────────────────────────────────────────┐ │
│ │ab▓c123                                     │ │
│ └────────────────────────────────────────────┘ │
└────────────────────────────────────────────────┘


