[2J┌────────────────────────────────────────────────┐
│ [31m* [0mtop                                          │
│ the top item                                   │
│ ┌────────────────────────────────────────────┐ │
│ │▓                                           │ │
│ └────────────────────────────────────────────┘ │
└────────────────────────────────────────────────┘
┌────────────────────────────────────────────────┐
│ overflow                                       │
[2J┌────────────────────────────────────────────────┐
│ [31m* [0mtop                                          │
│ the top item                                   │
│ ┌────────────────────────────────────────────┐ │
│ │a▓                                          │ │
│ └────────────────────────────────────────────┘ │
└────────────────────────────────────────────────┘
┌────────────────────────────────────────────────┐
│ overflow                                       │
[2J┌────────────────────────────────────────────────┐
│ overflow                                       │
│ the overflow item                              │
│ ┌────────────────────────────────────────────┐ │
│ │▓                                           │ │
│ └────────────────────────────────────────────┘ │
└────────────────────────────────────────────────┘


[2J┌────────────────────────────────────────────────┐
│ overflow                                       │
│ the overflow item                              │
│ ┌────────────────────────────────────────────┐ │
│ │b▓                                          │ │
│ └────────────────────────────────────────────┘ │
└────────────────────────────────────────────────┘


